2026-07-13 10:25:13,343 - pyVertexModel - INFO - Building cell 0
2026-07-13 10:25:13,767 - pyVertexModel - INFO - Building cell 1
2026-07-13 10:25:13,840 - pyVertexModel - INFO - Building cell 2
2026-07-13 10:25:13,929 - pyVertexModel - INFO - Building cell 3
2026-07-13 10:25:14,032 - pyVertexModel - INFO - Building cell 4
2026-07-13 10:25:14,118 - pyVertexModel - INFO - Building cell 5
2026-07-13 10:25:14,204 - pyVertexModel - INFO - Building cell 6
2026-07-13 10:25:14,293 - pyVertexModel - INFO - Building cell 7
2026-07-13 10:25:14,381 - pyVertexModel - INFO - Building cell 8
2026-07-13 10:25:14,453 - pyVertexModel - INFO - Building cell 9
2026-07-13 10:25:14,552 - pyVertexModel - INFO - Building cell 10
2026-07-13 10:25:14,649 - pyVertexModel - INFO - Building cell 11
2026-07-13 10:25:14,729 - pyVertexModel - INFO - Building cell 12
2026-07-13 10:25:14,844 - pyVertexModel - INFO - Building cell 13
2026-07-13 10:25:14,919 - pyVertexModel - INFO - Building cell 14
2026-07-13 10:25:14,990 - pyVertexModel - INFO - Building cell 15
2026-07-13 10:25:15,065 - pyVertexModel - INFO - Building cell 16
2026-07-13 10:25:15,205 - pyVertexModel - INFO - Building cell 17
2026-07-13 10:25:15,310 - pyVertexModel - INFO - Building cell 18
2026-07-13 10:25:15,405 - pyVertexModel - INFO - Building cell 19
2026-07-13 10:25:15,498 - pyVertexModel - INFO - Building cell 20
2026-07-13 10:25:15,599 - pyVertexModel - INFO - Building cell 21
2026-07-13 10:25:15,694 - pyVertexModel - INFO - Building cell 22
2026-07-13 10:25:15,795 - pyVertexModel - INFO - Building cell 23
2026-07-13 10:25:15,902 - pyVertexModel - INFO - Building cell 24
2026-07-13 10:25:15,986 - pyVertexModel - INFO - Building cell 25
2026-07-13 10:25:16,068 - pyVertexModel - INFO - Building cell 26
2026-07-13 10:25:16,154 - pyVertexModel - INFO - Building cell 27
2026-07-13 10:25:16,235 - pyVertexModel - INFO - Building cell 28
2026-07-13 10:25:16,318 - pyVertexModel - INFO - Building cell 29
2026-07-13 10:25:16,395 - pyVertexModel - INFO - Building cell 30
2026-07-13 10:25:16,474 - pyVertexModel - INFO - Building cell 31
2026-07-13 10:25:16,581 - pyVertexModel - INFO - Building cell 32
2026-07-13 10:25:16,665 - pyVertexModel - INFO - Building cell 33
2026-07-13 10:25:16,734 - pyVertexModel - INFO - Building cell 34
2026-07-13 10:25:16,812 - pyVertexModel - INFO - Building cell 35
2026-07-13 10:25:16,909 - pyVertexModel - INFO - Building cell 36
2026-07-13 10:25:17,002 - pyVertexModel - INFO - Building cell 37
2026-07-13 10:25:17,099 - pyVertexModel - INFO - Building cell 38
2026-07-13 10:25:17,195 - pyVertexModel - INFO - Building cell 39
2026-07-13 10:25:17,284 - pyVertexModel - INFO - Building cell 40
2026-07-13 10:25:17,388 - pyVertexModel - INFO - Building cell 41
2026-07-13 10:25:17,493 - pyVertexModel - INFO - Building cell 42
2026-07-13 10:25:17,640 - pyVertexModel - INFO - Building cell 43
2026-07-13 10:25:17,754 - pyVertexModel - INFO - Building cell 44
2026-07-13 10:25:17,838 - pyVertexModel - INFO - Building cell 45
2026-07-13 10:25:17,922 - pyVertexModel - INFO - Building cell 46
2026-07-13 10:25:18,040 - pyVertexModel - INFO - Building cell 47
2026-07-13 10:25:18,151 - pyVertexModel - INFO - Building cell 48
2026-07-13 10:25:18,233 - pyVertexModel - INFO - Building cell 49
2026-07-13 10:25:18,321 - pyVertexModel - INFO - Building cell 50
2026-07-13 10:25:18,435 - pyVertexModel - INFO - Building cell 51
2026-07-13 10:25:18,543 - pyVertexModel - INFO - Building cell 52
2026-07-13 10:25:18,625 - pyVertexModel - INFO - Building cell 53
2026-07-13 10:25:18,709 - pyVertexModel - INFO - Building cell 54
2026-07-13 10:25:18,813 - pyVertexModel - INFO - Building cell 55
2026-07-13 10:25:18,919 - pyVertexModel - INFO - Building cell 56
2026-07-13 10:25:19,001 - pyVertexModel - INFO - Building cell 57
2026-07-13 10:25:19,112 - pyVertexModel - INFO - Building cell 58
2026-07-13 10:25:19,260 - pyVertexModel - INFO - Building cell 59
2026-07-13 10:25:19,376 - pyVertexModel - INFO - Building cell 60
2026-07-13 10:25:19,490 - pyVertexModel - INFO - Building cell 61
2026-07-13 10:25:19,576 - pyVertexModel - INFO - Building cell 62
2026-07-13 10:25:19,671 - pyVertexModel - INFO - Building cell 63
2026-07-13 10:25:19,760 - pyVertexModel - INFO - Building cell 64
2026-07-13 10:25:19,897 - pyVertexModel - INFO - Building cell 65
2026-07-13 10:25:19,995 - pyVertexModel - INFO - Building cell 66
2026-07-13 10:25:20,065 - pyVertexModel - INFO - Building cell 67
2026-07-13 10:25:20,144 - pyVertexModel - INFO - Building cell 68
2026-07-13 10:25:20,218 - pyVertexModel - INFO - Building cell 69
2026-07-13 10:25:20,293 - pyVertexModel - INFO - Building cell 70
2026-07-13 10:25:20,368 - pyVertexModel - INFO - Building cell 71
2026-07-13 10:25:20,439 - pyVertexModel - INFO - Building cell 72
2026-07-13 10:25:20,521 - pyVertexModel - INFO - Building cell 73
2026-07-13 10:25:20,614 - pyVertexModel - INFO - Building cell 74
2026-07-13 10:25:20,704 - pyVertexModel - INFO - Building cell 75
2026-07-13 10:25:20,787 - pyVertexModel - INFO - Building cell 76
2026-07-13 10:25:20,874 - pyVertexModel - INFO - Building cell 77
2026-07-13 10:25:20,974 - pyVertexModel - INFO - Building cell 78
2026-07-13 10:25:21,080 - pyVertexModel - INFO - Building cell 79
2026-07-13 10:25:21,179 - pyVertexModel - INFO - Building cell 80
2026-07-13 10:25:21,278 - pyVertexModel - INFO - Building cell 81
2026-07-13 10:25:21,381 - pyVertexModel - INFO - Building cell 82
2026-07-13 10:25:21,476 - pyVertexModel - INFO - Building cell 83
2026-07-13 10:25:21,571 - pyVertexModel - INFO - Building cell 84
2026-07-13 10:25:21,673 - pyVertexModel - INFO - Building cell 85
2026-07-13 10:25:21,742 - pyVertexModel - INFO - Building cell 86
2026-07-13 10:25:21,812 - pyVertexModel - INFO - Building cell 87
2026-07-13 10:25:21,884 - pyVertexModel - INFO - Building cell 88
2026-07-13 10:25:21,956 - pyVertexModel - INFO - Building cell 89
2026-07-13 10:25:22,029 - pyVertexModel - INFO - Building cell 90
2026-07-13 10:25:22,116 - pyVertexModel - INFO - Building cell 91
2026-07-13 10:25:22,198 - pyVertexModel - INFO - Building cell 92
2026-07-13 10:25:22,264 - pyVertexModel - INFO - Building cell 93
2026-07-13 10:25:22,348 - pyVertexModel - INFO - Building cell 94
2026-07-13 10:25:22,427 - pyVertexModel - INFO - Building cell 95
2026-07-13 10:25:22,505 - pyVertexModel - INFO - Building cell 96
2026-07-13 10:25:22,586 - pyVertexModel - INFO - Building cell 97
2026-07-13 10:25:22,676 - pyVertexModel - INFO - Building cell 98
2026-07-13 10:25:22,754 - pyVertexModel - INFO - Building cell 99
2026-07-13 10:25:28,765 - pyVertexModel - INFO - Initializing reference cell values
2026-07-13 10:25:31,041 - pyVertexModel - INFO - Updated lmin0: 0.03963639989284089
2026-07-13 10:25:36,220 - pyVertexModel - INFO - Found lmin0: 0.03963639989284089
2026-07-13 10:25:38,137 - pyVertexModel - INFO - Updated lmin0 by default: 0.03963639989284089
2026-07-13 10:25:42,194 - pyVertexModel - INFO - Bubbles_Cyst mesh diagnostics:
2026-07-13 10:25:42,194 - pyVertexModel - INFO -   X shape: (686, 3)
2026-07-13 10:25:42,194 - pyVertexModel - INFO -   Twg shape: (2328, 4)
2026-07-13 10:25:42,194 - pyVertexModel - INFO -   Twg min/max: 0/685
2026-07-13 10:25:42,196 - pyVertexModel - INFO -   nCells: 100
2026-07-13 10:25:42,196 - pyVertexModel - INFO -   XgBottom: [0]
2026-07-13 10:25:42,197 - pyVertexModel - INFO -   XgTop count: 586
2026-07-13 10:25:42,197 - pyVertexModel - INFO -   XgID count: 587
2026-07-13 10:25:42,197 - pyVertexModel - INFO -   XgApical count: 293
2026-07-13 10:25:42,197 - pyVertexModel - INFO -   XgBasal count: 293
2026-07-13 10:25:42,197 - pyVertexModel - INFO -   XgLumen: [0]
2026-07-13 10:25:42,227 - pyVertexModel - INFO -   face types: {2: 198, 1: 582, 0: 1362}
2026-07-13 10:25:42,263 - pyVertexModel - INFO -   Apical ghost face types: {0: 681}
2026-07-13 10:25:42,264 - pyVertexModel - INFO -   Basal ghost face types: {0: 681}
2026-07-13 10:25:42,264 - pyVertexModel - INFO -   apical vertex ellipsoid error min/max: -4.441e-16/4.441e-16
2026-07-13 10:25:42,264 - pyVertexModel - INFO -   basal vertex ellipsoid error min/max: -3.331e-16/4.441e-16
2026-07-13 10:26:32,139 - pyVertexModel - INFO - Building cell 0
2026-07-13 10:26:32,594 - pyVertexModel - INFO - Building cell 1
2026-07-13 10:26:32,666 - pyVertexModel - INFO - Building cell 2
2026-07-13 10:26:32,752 - pyVertexModel - INFO - Building cell 3
2026-07-13 10:26:32,864 - pyVertexModel - INFO - Building cell 4
2026-07-13 10:26:32,947 - pyVertexModel - INFO - Building cell 5
2026-07-13 10:26:33,029 - pyVertexModel - INFO - Building cell 6
2026-07-13 10:26:33,119 - pyVertexModel - INFO - Building cell 7
2026-07-13 10:26:33,196 - pyVertexModel - INFO - Building cell 8
2026-07-13 10:26:33,260 - pyVertexModel - INFO - Building cell 9
2026-07-13 10:26:33,339 - pyVertexModel - INFO - Building cell 10
2026-07-13 10:26:33,422 - pyVertexModel - INFO - Building cell 11
2026-07-13 10:26:33,487 - pyVertexModel - INFO - Building cell 12
2026-07-13 10:26:33,554 - pyVertexModel - INFO - Building cell 13
2026-07-13 10:26:33,623 - pyVertexModel - INFO - Building cell 14
2026-07-13 10:26:33,688 - pyVertexModel - INFO - Building cell 15
2026-07-13 10:26:33,753 - pyVertexModel - INFO - Building cell 16
2026-07-13 10:26:33,851 - pyVertexModel - INFO - Building cell 17
2026-07-13 10:26:33,942 - pyVertexModel - INFO - Building cell 18
2026-07-13 10:26:34,032 - pyVertexModel - INFO - Building cell 19
2026-07-13 10:26:34,126 - pyVertexModel - INFO - Building cell 20
2026-07-13 10:26:34,215 - pyVertexModel - INFO - Building cell 21
2026-07-13 10:26:34,305 - pyVertexModel - INFO - Building cell 22
2026-07-13 10:26:34,399 - pyVertexModel - INFO - Building cell 23
2026-07-13 10:26:34,489 - pyVertexModel - INFO - Building cell 24
2026-07-13 10:26:34,569 - pyVertexModel - INFO - Building cell 25
2026-07-13 10:26:34,650 - pyVertexModel - INFO - Building cell 26
2026-07-13 10:26:34,741 - pyVertexModel - INFO - Building cell 27
2026-07-13 10:26:34,849 - pyVertexModel - INFO - Building cell 28
2026-07-13 10:26:34,932 - pyVertexModel - INFO - Building cell 29
2026-07-13 10:26:34,997 - pyVertexModel - INFO - Building cell 30
2026-07-13 10:26:35,064 - pyVertexModel - INFO - Building cell 31
2026-07-13 10:26:35,129 - pyVertexModel - INFO - Building cell 32
2026-07-13 10:26:35,205 - pyVertexModel - INFO - Building cell 33
2026-07-13 10:26:35,271 - pyVertexModel - INFO - Building cell 34
2026-07-13 10:26:35,362 - pyVertexModel - INFO - Building cell 35
2026-07-13 10:26:35,463 - pyVertexModel - INFO - Building cell 36
2026-07-13 10:26:35,529 - pyVertexModel - INFO - Building cell 37
2026-07-13 10:26:35,605 - pyVertexModel - INFO - Building cell 38
2026-07-13 10:26:35,687 - pyVertexModel - INFO - Building cell 39
2026-07-13 10:26:35,769 - pyVertexModel - INFO - Building cell 40
2026-07-13 10:26:35,856 - pyVertexModel - INFO - Building cell 41
2026-07-13 10:26:35,948 - pyVertexModel - INFO - Building cell 42
2026-07-13 10:26:36,047 - pyVertexModel - INFO - Building cell 43
2026-07-13 10:26:36,130 - pyVertexModel - INFO - Building cell 44
2026-07-13 10:26:36,212 - pyVertexModel - INFO - Building cell 45
2026-07-13 10:26:36,291 - pyVertexModel - INFO - Building cell 46
2026-07-13 10:26:36,402 - pyVertexModel - INFO - Building cell 47
2026-07-13 10:26:36,492 - pyVertexModel - INFO - Building cell 48
2026-07-13 10:26:36,570 - pyVertexModel - INFO - Building cell 49
2026-07-13 10:26:36,649 - pyVertexModel - INFO - Building cell 50
2026-07-13 10:26:36,750 - pyVertexModel - INFO - Building cell 51
2026-07-13 10:26:36,860 - pyVertexModel - INFO - Building cell 52
2026-07-13 10:26:36,941 - pyVertexModel - INFO - Building cell 53
2026-07-13 10:26:37,024 - pyVertexModel - INFO - Building cell 54
2026-07-13 10:26:37,103 - pyVertexModel - INFO - Building cell 55
2026-07-13 10:26:37,180 - pyVertexModel - INFO - Building cell 56
2026-07-13 10:26:37,261 - pyVertexModel - INFO - Building cell 57
2026-07-13 10:26:37,341 - pyVertexModel - INFO - Building cell 58
2026-07-13 10:26:37,460 - pyVertexModel - INFO - Building cell 59
2026-07-13 10:26:37,553 - pyVertexModel - INFO - Building cell 60
2026-07-13 10:26:37,629 - pyVertexModel - INFO - Building cell 61
2026-07-13 10:26:37,706 - pyVertexModel - INFO - Building cell 62
2026-07-13 10:26:37,794 - pyVertexModel - INFO - Building cell 63
2026-07-13 10:26:37,905 - pyVertexModel - INFO - Building cell 64
2026-07-13 10:26:37,979 - pyVertexModel - INFO - Building cell 65
2026-07-13 10:26:38,049 - pyVertexModel - INFO - Building cell 66
2026-07-13 10:26:38,112 - pyVertexModel - INFO - Building cell 67
2026-07-13 10:26:38,179 - pyVertexModel - INFO - Building cell 68
2026-07-13 10:26:38,273 - pyVertexModel - INFO - Building cell 69
2026-07-13 10:26:38,367 - pyVertexModel - INFO - Building cell 70
2026-07-13 10:26:38,437 - pyVertexModel - INFO - Building cell 71
2026-07-13 10:26:38,509 - pyVertexModel - INFO - Building cell 72
2026-07-13 10:26:38,603 - pyVertexModel - INFO - Building cell 73
2026-07-13 10:26:38,711 - pyVertexModel - INFO - Building cell 74
2026-07-13 10:26:38,809 - pyVertexModel - INFO - Building cell 75
2026-07-13 10:26:38,886 - pyVertexModel - INFO - Building cell 76
2026-07-13 10:26:38,980 - pyVertexModel - INFO - Building cell 77
2026-07-13 10:26:39,089 - pyVertexModel - INFO - Building cell 78
2026-07-13 10:26:39,187 - pyVertexModel - INFO - Building cell 79
2026-07-13 10:26:39,278 - pyVertexModel - INFO - Building cell 80
2026-07-13 10:26:39,387 - pyVertexModel - INFO - Building cell 81
2026-07-13 10:26:39,503 - pyVertexModel - INFO - Building cell 82
2026-07-13 10:26:39,590 - pyVertexModel - INFO - Building cell 83
2026-07-13 10:26:39,679 - pyVertexModel - INFO - Building cell 84
2026-07-13 10:26:39,784 - pyVertexModel - INFO - Building cell 85
2026-07-13 10:26:39,859 - pyVertexModel - INFO - Building cell 86
2026-07-13 10:26:39,926 - pyVertexModel - INFO - Building cell 87
2026-07-13 10:26:39,990 - pyVertexModel - INFO - Building cell 88
2026-07-13 10:26:40,061 - pyVertexModel - INFO - Building cell 89
2026-07-13 10:26:40,125 - pyVertexModel - INFO - Building cell 90
2026-07-13 10:26:40,221 - pyVertexModel - INFO - Building cell 91
2026-07-13 10:26:40,299 - pyVertexModel - INFO - Building cell 92
2026-07-13 10:26:40,360 - pyVertexModel - INFO - Building cell 93
2026-07-13 10:26:40,439 - pyVertexModel - INFO - Building cell 94
2026-07-13 10:26:40,528 - pyVertexModel - INFO - Building cell 95
2026-07-13 10:26:40,632 - pyVertexModel - INFO - Building cell 96
2026-07-13 10:26:40,724 - pyVertexModel - INFO - Building cell 97
2026-07-13 10:26:40,838 - pyVertexModel - INFO - Building cell 98
2026-07-13 10:26:40,913 - pyVertexModel - INFO - Building cell 99
2026-07-13 10:26:46,663 - pyVertexModel - INFO - Initializing reference cell values
2026-07-13 10:26:49,240 - pyVertexModel - INFO - Updated lmin0: 0.03963639989284089
2026-07-13 10:26:55,496 - pyVertexModel - INFO - Found lmin0: 0.03963639989284089
2026-07-13 10:26:58,104 - pyVertexModel - INFO - Updated lmin0 by default: 0.03963639989284089
2026-07-13 10:27:02,332 - pyVertexModel - INFO - Bubbles_Cyst mesh diagnostics:
2026-07-13 10:27:02,333 - pyVertexModel - INFO -   X shape: (686, 3)
2026-07-13 10:27:02,333 - pyVertexModel - INFO -   Twg shape: (2328, 4)
2026-07-13 10:27:02,333 - pyVertexModel - INFO -   Twg min/max: 0/685
2026-07-13 10:27:02,336 - pyVertexModel - INFO -   nCells: 100
2026-07-13 10:27:02,336 - pyVertexModel - INFO -   XgBottom: [0]
2026-07-13 10:27:02,336 - pyVertexModel - INFO -   XgTop count: 586
2026-07-13 10:27:02,336 - pyVertexModel - INFO -   XgID count: 587
2026-07-13 10:27:02,336 - pyVertexModel - INFO -   XgApical count: 293
2026-07-13 10:27:02,336 - pyVertexModel - INFO -   XgBasal count: 293
2026-07-13 10:27:02,336 - pyVertexModel - INFO -   XgLumen: [0]
2026-07-13 10:27:02,366 - pyVertexModel - INFO -   face types: {2: 198, 1: 582, 0: 1362}
2026-07-13 10:27:02,407 - pyVertexModel - INFO -   Apical ghost face types: {0: 681}
2026-07-13 10:27:02,407 - pyVertexModel - INFO -   Basal ghost face types: {0: 681}
2026-07-13 10:27:02,407 - pyVertexModel - INFO -   apical vertex ellipsoid error min/max: -4.441e-16/4.441e-16
2026-07-13 10:27:02,407 - pyVertexModel - INFO -   basal vertex ellipsoid error min/max: -3.331e-16/4.441e-16
2026-07-13 10:27:02,408 - pyVertexModel - INFO - Initializing reference cell values
2026-07-13 10:27:04,591 - pyVertexModel - INFO - Updated lmin0: 0.03963639989284089
2026-07-13 10:27:09,451 - pyVertexModel - INFO - Found lmin0: 0.03963639989284089
2026-07-13 10:27:11,381 - pyVertexModel - INFO - Updated lmin0 by default: 0.03963639989284089
2026-07-13 10:27:15,393 - pyVertexModel - INFO - Percentage of scutoids initially: 0.01
2026-07-13 10:27:43,096 - pyVertexModel - INFO - File: C:\pvm_results/Cyst
2026-07-13 10:28:21,407 - pyVertexModel - INFO - Time: 0
2026-07-13 10:28:29,234 - pyVertexModel - INFO - Surface: 0.0011015041580607864
2026-07-13 10:28:29,234 - pyVertexModel - INFO - Volume: 0.001707533638412681
2026-07-13 10:28:31,519 - pyVertexModel - INFO - Step: 1, Iter: 0 ||gr||= 0.025023536776592088 ||dyr||= 0.003467665429786329 dt/dt0=1
2026-07-13 10:28:31,519 - pyVertexModel - INFO - New gradient norm: 2.502e-02
2026-07-13 10:28:31,519 - pyVertexModel - INFO - STEP 1 has converged ...
2026-07-13 10:28:36,893 - pyVertexModel - INFO - Time: 0.01
